[1;38;2;121;192;255mRun #777 · Add feature[m                                                                      [38;2;139;148;158m✓ <TS>[m
CI · main · push · [1;38;2;88;166;255m[ ● running ][m · started <TS> · duration 3m 0s [1;38;2;121;192;255m● ACTIVE[m
[38;2;139;148;158mJOBS[m                                     [38;2;139;148;158mSTEPS · build[m                                              
[1;38;2;31;111;235m▶ [1;38;2;63;185;80m[ ✓ success ][m build  2m 30s           [m [38;2;139;148;158m  1. [1;38;2;63;185;80m[ ✓ success ][m Checkout  1m 0s                         [m
  [1;38;2;88;166;255m[ ● running ][m deploy  2m 30s             2. [1;38;2;63;185;80m[ ✓ success ][m Compile  1m 0s                          
                                           3. [1;38;2;110;118;129m[ − skipped ][m Upload artifact  1m 0s                  
[38;2;139;148;158m↑/k move up  ·  ↓/j move down  ·  tab focus jobs/steps  ·  enter open log  ·  r refresh  ·  R toggl…[m