[48;2;68;71;90m[1;38;2;189;147;249mLog · build · job #42[m                                                                          [38;2;98;114;164m⏼ off[m[m
[38;2;98;114;164m7 lines · 290 B · mode:outline[m
[1;38;2;139;233;253m▸ Set up job                                                                                      2s[m
▾ [1;38;2;255;85;85m✗[m Run build                                                                          ✗ 1 error  3s
  [38;2;98;114;164m5[m ##[command]go build ./...
  [38;2;98;114;164m6[m [1;38;2;255;85;85m✗[m ##[error]build failed: something broke
[38;2;98;114;164m────────────────────────────────────────────────────────────────────────────────────────────────────[m
[38;2;98;114;164m↑/k scroll up  ·  ↓/j scroll down  ·  PgDn page down  ·  g/home top  ·  G/end bottom  ·  / search  …[m